// Jest Snapshot v1, https://goo.gl/fbAQLP

exports[`ensemble:forest RandomForest should throw an exception if incorrect inputs for fit function are given 1`] = `[Error: The matrix is not 2D shaped: [] of [0]]`;

exports[`ensemble:forest RandomForest should throw an exception if incorrect inputs for fit function are given 2`] = `[Error: validateMatrix2D has received a non-array argument]`;

exports[`ensemble:forest RandomForest should throw an exception if incorrect inputs for fit function are given 3`] = `[Error: The matrix is not 2D shaped: [1,2] of [2]]`;

exports[`ensemble:forest RandomForest should throw an exception if incorrect inputs for fit function are given 4`] = `[Error: The matrix is not 1D shaped: [] of [0]]`;

exports[`ensemble:forest RandomForest should throw an exception if incorrect inputs for fit function are given 5`] = `[TypeError: Number of labels=1 does not math number of samples=2]`;

exports[`ensemble:forest RandomForest should throw an exception if incorrect inputs for predict function are given 1`] = `[Error: The matrix is not 2D shaped: [] of [0]]`;

exports[`ensemble:forest RandomForest should throw an exception if incorrect inputs for predict function are given 2`] = `[Error: validateMatrix2D has received a non-array argument]`;

exports[`ensemble:forest RandomForest should throw an exception if incorrect inputs for predict function are given 3`] = `[Error: The matrix is not 2D shaped: [1,2] of [2]]`;

exports[`ensemble:forest RandomForest should throw an exception if incorrect inputs for predict function are given 4`] = `[TypeError: Cannot read property 'trees' of undefined]`;

exports[`ensemble:forest RandomForest should throw an exception if incorrect inputs for predict function are given 5`] = `[TypeError: Cannot read property 'trees' of undefined]`;
